#
# This is the output of parsing test2.log file
#

$ python
Python 2.7.5 (default, Aug 22 2013, 09:31:58) 
[GCC 4.8.1 20130603 (Red Hat 4.8.1-1)] on linux2
Type "help", "copyright", "credits" or "license" for more information.
>>> import LogParser
>>> mailLog = LogParser.ZimbraMailLog()
>>> mailLog.parseLog(open('tests/test2.log'))
>>> mailLog.consolidateMessagesByMessageID()
>>> mailLog.dumpLogsByQueueID("46641321B67")
[MESSAGEID <AC40A$20130922$03470900@SAS>][QUEUEID 46641321B67] from=user@example.com -> [('mailarchive@[172.16.10.20]', None), ('MAILER-DAEMON@mail.example.com', None)]

#
# Note the output, it says that there was a message with a given message ID and
# requested Queue ID. This message was sent from fax@example.hr and it was
# delivered directly to two addresses, 'mailarchive@[172.16.10.20]' and to
# 'MAILER-DAEMON@mail.example.com'.
#
